[2026-06-25 16:14:01] info: Server running on port 3000 in development mode 
[2026-06-25 16:14:27] info: SIGINT received : closing HTTP server 
[2026-06-25 16:14:33] info: Server running on port 3000 in development mode 
[2026-06-25 16:15:03] info: Health check endpoint called  
[2026-06-25 16:17:23] info: SIGINT received : closing HTTP server 
[2026-06-26 17:38:09] info: Server running on port 3000 in development mode 
[2026-06-26 17:38:28] error: error occured {"method":"POST","url":"/api/otp/request","body":{"phoneNumber":"9800000000","isNewUserFlow":true},"query":{}}
[2026-06-26 17:41:46] info: SIGINT received : closing HTTP server 
[2026-06-26 17:42:35] info: Server running on port 3000 in development mode 
[2026-06-26 17:42:40] error: error occured {"method":"POST","url":"/api/otp/request","body":{"phoneNumber":"9800000000","isNewUserFlow":true},"query":{}}
[2026-06-26 17:43:48] info: Server running on port 3000 in development mode 
[2026-06-26 17:45:26] info: Server running on port 3000 in development mode 
[2026-06-26 17:46:08] error: error occured {"method":"POST","url":"/api/otp/verify","body":{"phoneNumber":"9800000000","otp":"659627"},"query":{}}
[2026-06-26 17:47:08] info: Server running on port 3000 in development mode 
[2026-06-26 17:47:11] info: SIGINT received : closing HTTP server 
[2026-06-26 17:47:15] info: Server running on port 3000 in development mode 
[2026-06-26 17:47:19] error: error occured {"method":"POST","url":"/api/otp/verify","body":{"phoneNumber":"9800000000","otp":"659627"},"query":{}}
[2026-06-26 17:47:29] error: error occured {"method":"POST","url":"/api/otp/verify","body":{"phoneNumber":"9800000000","otp":"659627"},"query":{}}
[2026-06-26 17:51:23] error: error occured {"method":"POST","url":"/api/otp/verify","body":{"phoneNumber":"9800000000","otp":"659627"},"query":{}}
[2026-06-26 17:51:37] info: Server running on port 3000 in development mode 
[2026-06-26 17:53:41] error: error occured {"method":"POST","url":"/api/otp/request","body":{"phoneNumber":"9800000000","otp":"488819"},"query":{}}
[2026-06-28 13:20:37] info: Server running on port 3000 in development mode 
[2026-06-28 13:21:09] error: error occured {"method":"GET","url":"/api/me","body":{"phoneNumber":"9800000000","otp":"488819"},"query":{}}
[2026-06-28 13:26:18] error: error occured {"method":"POST","url":"/api/otp/verify","body":{"phoneNumber":"9800000000","otp":"880396"},"query":{}}
[2026-06-28 13:27:35] error: error occured {"method":"GET","url":"/api/me","query":{}}
[2026-06-28 18:04:54] info: Server running on port 3000 in development mode 
[2026-06-28 18:28:40] info: Server running on port 3000 in development mode 
[2026-06-28 18:28:44] info: SIGINT received : closing HTTP server 
[2026-06-28 18:28:49] info: Server running on port 3000 in development mode 
[2026-06-28 18:32:34] error: error occured {"method":"POST","url":"/api/party/create","body":{"name":"Shyam Store","phoneNumber":"9800000000","type":"SUPPLIER","organizationId":1},"query":{}}
[2026-06-28 18:34:48] info: Server running on port 3000 in development mode 
[2026-06-28 18:35:54] info: SIGINT received : closing HTTP server 
[2026-06-28 18:36:37] info: Server running on port 3000 in development mode 
[2026-06-28 18:36:44] error: error occured {"method":"POST","url":"/api/party/create","body":{"name":"Shyam Store","phoneNumber":"9800000000","type":"SUPPLIER","organizationId":1},"query":{}}
[2026-06-28 18:38:48] info: Server running on port 3000 in development mode 
[2026-06-28 18:38:54] error: error occured {"method":"POST","url":"/api/party/create","body":{"name":"Shyam Store","phoneNumber":"9800000000","type":"SUPPLIER","organizationId":1},"query":{}}
[2026-06-28 18:39:36] error: error occured {"method":"POST","url":"/api/party/create","body":{"name":"Shyam Store","phoneNumber":"9800000000","type":"SUPPLIER","organizationId":1},"query":{}}
[2026-06-28 18:40:12] error: error occured {"method":"POST","url":"/api/party/create","body":{"name":"Shyam Store","phoneNumber":"9800000000","type":"SUPPLIER","organizationId":1},"query":{}}
[2026-06-28 18:40:30] info: SIGINT received : closing HTTP server 
[2026-06-28 18:45:06] info: Server running on port 3000 in development mode 
[2026-06-28 18:45:11] error: error occured {"method":"POST","url":"/api/party/create","body":{"name":"Shyam Store","phoneNumber":"9800000000","type":"SUPPLIER","organizationId":1},"query":{}}
[2026-06-28 18:46:16] error: error occured {"method":"POST","url":"/api/party/create","body":{"name":"Shyam Store","phoneNumber":"9800000000","type":"SUPPLIER","organizationId":1},"query":{}}
[2026-06-28 18:47:40] error: error occured {"method":"POST","url":"/api/party/create","body":{"name":"Shyam Store","phoneNumber":"9800000000","type":"SUPPLIER","organizationId":1},"query":{}}
[2026-06-28 18:48:38] error: error occured {"method":"POST","url":"/api/party/create","body":{"name":"Shyam Store","phoneNumber":"9800000000","type":"SUPPLIER","organizationId":1},"query":{}}
[2026-06-28 18:49:38] info: Server running on port 3000 in development mode 
[2026-06-28 18:50:31] error: error occured {"method":"POST","url":"/api/party/create","body":{"name":"Shyam Store","phoneNumber":"9800000000","type":"SUPPLIER","organizationId":1},"query":{}}
[2026-06-28 18:51:33] error: error occured {"method":"POST","url":"/api/otp/verify","body":{"phoneNumber":"9800000000","otp":"6255572"},"query":{}}
[2026-06-28 18:52:18] error: error occured {"method":"POST","url":"/api/party/create","body":{"name":"Shyam Store","phoneNumber":"9800000000","type":"SUPPLIER","organizationId":1},"query":{}}
[2026-06-28 18:52:20] error: error occured {"method":"POST","url":"/api/party/create","body":{"name":"Shyam Store","phoneNumber":"9800000000","type":"SUPPLIER","organizationId":1},"query":{}}
[2026-06-28 18:54:33] error: error occured {"method":"POST","url":"/api/party/create","body":{"name":"Shyam Store","phoneNumber":"9800000000","type":"SUPPLIER","organizationId":1},"query":{}}
[2026-06-28 18:54:34] error: error occured {"method":"POST","url":"/api/party/create","body":{"name":"Shyam Store","phoneNumber":"9800000000","type":"SUPPLIER","organizationId":1},"query":{}}
[2026-06-28 18:55:34] info: SIGINT received : closing HTTP server 
[2026-06-28 18:55:39] info: Server running on port 3000 in development mode 
[2026-06-28 18:55:52] error: error occured {"method":"POST","url":"/api/otp/request","body":{"phoneNumber":"9800000001","isNewUserFlow":false},"query":{}}
[2026-06-28 18:56:14] error: error occured {"method":"POST","url":"/api/otp/request","body":{"phoneNumber":"9800000004","isNewUserFlow":false},"query":{}}
[2026-06-28 18:56:57] error: error occured {"method":"POST","url":"/api/party/create","body":{"name":"Shyam Store","phoneNumber":"9800000000","type":"SUPPLIER","organizationId":1},"query":{}}
[2026-06-28 18:57:37] info: Server running on port 3000 in development mode 
[2026-06-28 18:57:41] error: error occured Invalid token  {"method":"POST","url":"/api/party/create","body":{"name":"Shyam Store","phoneNumber":"9800000000","type":"SUPPLIER","organizationId":1},"query":{},"stack":"Error: Invalid token \n    at authenticateMiddleware (C:\\Users\\ADMIN\\Desktop\\CoreBackend\\src\\middlewares\\authMiddleware.ts:41:19)\n    at Layer.handleRequest (C:\\Users\\ADMIN\\Desktop\\CoreBackend\\node_modules\\router\\lib\\layer.js:152:17)\n    at next (C:\\Users\\ADMIN\\Desktop\\CoreBackend\\node_modules\\router\\lib\\route.js:157:13)\n    at Route.dispatch (C:\\Users\\ADMIN\\Desktop\\CoreBackend\\node_modules\\router\\lib\\route.js:117:3)\n    at handle (C:\\Users\\ADMIN\\Desktop\\CoreBackend\\node_modules\\router\\index.js:435:11)\n    at Layer.handleRequest (C:\\Users\\ADMIN\\Desktop\\CoreBackend\\node_modules\\router\\lib\\layer.js:152:17)\n    at C:\\Users\\ADMIN\\Desktop\\CoreBackend\\node_modules\\router\\index.js:295:15\n    at processParams (C:\\Users\\ADMIN\\Desktop\\CoreBackend\\node_modules\\router\\index.js:582:12)\n    at next (C:\\Users\\ADMIN\\Desktop\\CoreBackend\\node_modules\\router\\index.js:291:5)\n    at Function.handle (C:\\Users\\ADMIN\\Desktop\\CoreBackend\\node_modules\\router\\index.js:186:3)"}
[2026-06-28 18:59:39] error: error occured Invalid token  {"method":"POST","url":"/api/party/create","body":{"name":"Shyam Store","phoneNumber":"9800000000","type":"SUPPLIER","organizationId":1},"query":{},"stack":"Error: Invalid token \n    at authenticateMiddleware (C:\\Users\\ADMIN\\Desktop\\CoreBackend\\src\\middlewares\\authMiddleware.ts:41:19)\n    at Layer.handleRequest (C:\\Users\\ADMIN\\Desktop\\CoreBackend\\node_modules\\router\\lib\\layer.js:152:17)\n    at next (C:\\Users\\ADMIN\\Desktop\\CoreBackend\\node_modules\\router\\lib\\route.js:157:13)\n    at Route.dispatch (C:\\Users\\ADMIN\\Desktop\\CoreBackend\\node_modules\\router\\lib\\route.js:117:3)\n    at handle (C:\\Users\\ADMIN\\Desktop\\CoreBackend\\node_modules\\router\\index.js:435:11)\n    at Layer.handleRequest (C:\\Users\\ADMIN\\Desktop\\CoreBackend\\node_modules\\router\\lib\\layer.js:152:17)\n    at C:\\Users\\ADMIN\\Desktop\\CoreBackend\\node_modules\\router\\index.js:295:15\n    at processParams (C:\\Users\\ADMIN\\Desktop\\CoreBackend\\node_modules\\router\\index.js:582:12)\n    at next (C:\\Users\\ADMIN\\Desktop\\CoreBackend\\node_modules\\router\\index.js:291:5)\n    at Function.handle (C:\\Users\\ADMIN\\Desktop\\CoreBackend\\node_modules\\router\\index.js:186:3)"}
[2026-06-28 18:59:42] error: error occured Invalid token  {"method":"POST","url":"/api/party/create","body":{"name":"Shyam Store","phoneNumber":"9800000000","type":"SUPPLIER","organizationId":1},"query":{},"stack":"Error: Invalid token \n    at authenticateMiddleware (C:\\Users\\ADMIN\\Desktop\\CoreBackend\\src\\middlewares\\authMiddleware.ts:41:19)\n    at Layer.handleRequest (C:\\Users\\ADMIN\\Desktop\\CoreBackend\\node_modules\\router\\lib\\layer.js:152:17)\n    at next (C:\\Users\\ADMIN\\Desktop\\CoreBackend\\node_modules\\router\\lib\\route.js:157:13)\n    at Route.dispatch (C:\\Users\\ADMIN\\Desktop\\CoreBackend\\node_modules\\router\\lib\\route.js:117:3)\n    at handle (C:\\Users\\ADMIN\\Desktop\\CoreBackend\\node_modules\\router\\index.js:435:11)\n    at Layer.handleRequest (C:\\Users\\ADMIN\\Desktop\\CoreBackend\\node_modules\\router\\lib\\layer.js:152:17)\n    at C:\\Users\\ADMIN\\Desktop\\CoreBackend\\node_modules\\router\\index.js:295:15\n    at processParams (C:\\Users\\ADMIN\\Desktop\\CoreBackend\\node_modules\\router\\index.js:582:12)\n    at next (C:\\Users\\ADMIN\\Desktop\\CoreBackend\\node_modules\\router\\index.js:291:5)\n    at Function.handle (C:\\Users\\ADMIN\\Desktop\\CoreBackend\\node_modules\\router\\index.js:186:3)"}
[2026-06-28 19:01:11] info: SIGINT received : closing HTTP server 
[2026-06-28 19:03:27] info: Server running on port 3000 in development mode 
[2026-06-28 19:03:59] error: error occured Invalid token  {"method":"POST","url":"/api/party/create","body":{"name":"Shyam Store","phoneNumber":"9800000000","type":"SUPPLIER","organizationId":1},"query":{},"stack":"Error: Invalid token \n    at authenticateMiddleware (C:\\Users\\ADMIN\\Desktop\\CoreBackend\\src\\middlewares\\authMiddleware.ts:41:19)\n    at Layer.handleRequest (C:\\Users\\ADMIN\\Desktop\\CoreBackend\\node_modules\\router\\lib\\layer.js:152:17)\n    at next (C:\\Users\\ADMIN\\Desktop\\CoreBackend\\node_modules\\router\\lib\\route.js:157:13)\n    at Route.dispatch (C:\\Users\\ADMIN\\Desktop\\CoreBackend\\node_modules\\router\\lib\\route.js:117:3)\n    at handle (C:\\Users\\ADMIN\\Desktop\\CoreBackend\\node_modules\\router\\index.js:435:11)\n    at Layer.handleRequest (C:\\Users\\ADMIN\\Desktop\\CoreBackend\\node_modules\\router\\lib\\layer.js:152:17)\n    at C:\\Users\\ADMIN\\Desktop\\CoreBackend\\node_modules\\router\\index.js:295:15\n    at processParams (C:\\Users\\ADMIN\\Desktop\\CoreBackend\\node_modules\\router\\index.js:582:12)\n    at next (C:\\Users\\ADMIN\\Desktop\\CoreBackend\\node_modules\\router\\index.js:291:5)\n    at Function.handle (C:\\Users\\ADMIN\\Desktop\\CoreBackend\\node_modules\\router\\index.js:186:3)"}
[2026-06-28 19:04:58] info: Server running on port 3000 in development mode 
[2026-06-28 19:05:05] error: error occured Invalid token  {"method":"POST","url":"/api/party/create","body":{"name":"Shyam Store","phoneNumber":"9800000000","type":"SUPPLIER","organizationId":1},"query":{},"stack":"Error: Invalid token \n    at authenticateMiddleware (C:\\Users\\ADMIN\\Desktop\\CoreBackend\\src\\middlewares\\authMiddleware.ts:42:19)\n    at Layer.handleRequest (C:\\Users\\ADMIN\\Desktop\\CoreBackend\\node_modules\\router\\lib\\layer.js:152:17)\n    at next (C:\\Users\\ADMIN\\Desktop\\CoreBackend\\node_modules\\router\\lib\\route.js:157:13)\n    at Route.dispatch (C:\\Users\\ADMIN\\Desktop\\CoreBackend\\node_modules\\router\\lib\\route.js:117:3)\n    at handle (C:\\Users\\ADMIN\\Desktop\\CoreBackend\\node_modules\\router\\index.js:435:11)\n    at Layer.handleRequest (C:\\Users\\ADMIN\\Desktop\\CoreBackend\\node_modules\\router\\lib\\layer.js:152:17)\n    at C:\\Users\\ADMIN\\Desktop\\CoreBackend\\node_modules\\router\\index.js:295:15\n    at processParams (C:\\Users\\ADMIN\\Desktop\\CoreBackend\\node_modules\\router\\index.js:582:12)\n    at next (C:\\Users\\ADMIN\\Desktop\\CoreBackend\\node_modules\\router\\index.js:291:5)\n    at Function.handle (C:\\Users\\ADMIN\\Desktop\\CoreBackend\\node_modules\\router\\index.js:186:3)"}
[2026-06-28 19:06:33] info: Server running on port 3000 in development mode 
[2026-06-28 19:07:09] error: error occured Invalid token  {"method":"POST","url":"/api/party/create","body":{"name":"Shyam Store","phoneNumber":"9800000000","type":"SUPPLIER","organizationId":1},"query":{},"stack":"Error: Invalid token \n    at authenticateMiddleware (C:\\Users\\ADMIN\\Desktop\\CoreBackend\\src\\middlewares\\authMiddleware.ts:42:19)\n    at Layer.handleRequest (C:\\Users\\ADMIN\\Desktop\\CoreBackend\\node_modules\\router\\lib\\layer.js:152:17)\n    at next (C:\\Users\\ADMIN\\Desktop\\CoreBackend\\node_modules\\router\\lib\\route.js:157:13)\n    at Route.dispatch (C:\\Users\\ADMIN\\Desktop\\CoreBackend\\node_modules\\router\\lib\\route.js:117:3)\n    at handle (C:\\Users\\ADMIN\\Desktop\\CoreBackend\\node_modules\\router\\index.js:435:11)\n    at Layer.handleRequest (C:\\Users\\ADMIN\\Desktop\\CoreBackend\\node_modules\\router\\lib\\layer.js:152:17)\n    at C:\\Users\\ADMIN\\Desktop\\CoreBackend\\node_modules\\router\\index.js:295:15\n    at processParams (C:\\Users\\ADMIN\\Desktop\\CoreBackend\\node_modules\\router\\index.js:582:12)\n    at next (C:\\Users\\ADMIN\\Desktop\\CoreBackend\\node_modules\\router\\index.js:291:5)\n    at Function.handle (C:\\Users\\ADMIN\\Desktop\\CoreBackend\\node_modules\\router\\index.js:186:3)"}
[2026-06-28 19:07:41] info: Server running on port 3000 in development mode 
[2026-06-28 19:22:58] info: SIGINT received : closing HTTP server 
[2026-06-29 12:29:58] info: Server running on port 3000 in development mode 
[2026-06-29 12:30:58] error: error occured Invalid token  {"method":"POST","url":"/api/parties","body":{"name":"Shyam Store","phoneNumber":"9800000000","type":"SUPPLIER","organizationId":1},"query":{},"stack":"Error: Invalid token \n    at authenticateMiddleware (C:\\Users\\ADMIN\\Desktop\\CoreBackend\\src\\middlewares\\authMiddleware.ts:44:19)\n    at Layer.handleRequest (C:\\Users\\ADMIN\\Desktop\\CoreBackend\\node_modules\\router\\lib\\layer.js:152:17)\n    at next (C:\\Users\\ADMIN\\Desktop\\CoreBackend\\node_modules\\router\\lib\\route.js:157:13)\n    at Route.dispatch (C:\\Users\\ADMIN\\Desktop\\CoreBackend\\node_modules\\router\\lib\\route.js:117:3)\n    at handle (C:\\Users\\ADMIN\\Desktop\\CoreBackend\\node_modules\\router\\index.js:435:11)\n    at Layer.handleRequest (C:\\Users\\ADMIN\\Desktop\\CoreBackend\\node_modules\\router\\lib\\layer.js:152:17)\n    at C:\\Users\\ADMIN\\Desktop\\CoreBackend\\node_modules\\router\\index.js:295:15\n    at processParams (C:\\Users\\ADMIN\\Desktop\\CoreBackend\\node_modules\\router\\index.js:582:12)\n    at next (C:\\Users\\ADMIN\\Desktop\\CoreBackend\\node_modules\\router\\index.js:291:5)\n    at Function.handle (C:\\Users\\ADMIN\\Desktop\\CoreBackend\\node_modules\\router\\index.js:186:3)"}
[2026-06-29 12:33:51] error: error occured Access denied. No token provided. {"method":"GET","url":"/api/parties","query":{},"stack":"Error: Access denied. No token provided.\n    at throwError (C:\\Users\\ADMIN\\Desktop\\CoreBackend\\src\\utils\\AppError.ts:19:11)\n    at authenticateMiddleware (C:\\Users\\ADMIN\\Desktop\\CoreBackend\\src\\middlewares\\authMiddleware.ts:17:21)\n    at Layer.handleRequest (C:\\Users\\ADMIN\\Desktop\\CoreBackend\\node_modules\\router\\lib\\layer.js:152:17)\n    at next (C:\\Users\\ADMIN\\Desktop\\CoreBackend\\node_modules\\router\\lib\\route.js:157:13)\n    at Route.dispatch (C:\\Users\\ADMIN\\Desktop\\CoreBackend\\node_modules\\router\\lib\\route.js:117:3)\n    at handle (C:\\Users\\ADMIN\\Desktop\\CoreBackend\\node_modules\\router\\index.js:435:11)\n    at Layer.handleRequest (C:\\Users\\ADMIN\\Desktop\\CoreBackend\\node_modules\\router\\lib\\layer.js:152:17)\n    at C:\\Users\\ADMIN\\Desktop\\CoreBackend\\node_modules\\router\\index.js:295:15\n    at processParams (C:\\Users\\ADMIN\\Desktop\\CoreBackend\\node_modules\\router\\index.js:582:12)\n    at next (C:\\Users\\ADMIN\\Desktop\\CoreBackend\\node_modules\\router\\index.js:291:5)"}
[2026-06-29 12:34:12] error: error occured [
  {
    "expected": "number",
    "code": "invalid_type",
    "received": "NaN",
    "path": [
      "query",
      "organizationId"
    ],
    "message": "Invalid input: expected number, received NaN"
  }
] {"method":"GET","url":"/api/parties","query":{},"stack":"ZodError: [\n  {\n    \"expected\": \"number\",\n    \"code\": \"invalid_type\",\n    \"received\": \"NaN\",\n    \"path\": [\n      \"query\",\n      \"organizationId\"\n    ],\n    \"message\": \"Invalid input: expected number, received NaN\"\n  }\n]\n    at C:\\Users\\ADMIN\\Desktop\\CoreBackend\\src\\middlewares\\validateRequestMiddleware.ts:7:14\n    at Layer.handleRequest (C:\\Users\\ADMIN\\Desktop\\CoreBackend\\node_modules\\router\\lib\\layer.js:152:17)\n    at next (C:\\Users\\ADMIN\\Desktop\\CoreBackend\\node_modules\\router\\lib\\route.js:157:13)\n    at authenticateMiddleware (C:\\Users\\ADMIN\\Desktop\\CoreBackend\\src\\middlewares\\authMiddleware.ts:33:10)\n    at processTicksAndRejections (node:internal/process/task_queues:105:5)"}
[2026-06-29 12:35:35] info: Server running on port 3000 in development mode 
[2026-06-29 12:37:43] error: error occured Invalid token  {"method":"POST","url":"/api/parties","body":{"name":"Sabinstore","phoneNumber":"9800000000","type":"SUPPLIER","organizationId":1},"query":{},"stack":"Error: Invalid token \n    at authenticateMiddleware (C:\\Users\\ADMIN\\Desktop\\CoreBackend\\src\\middlewares\\authMiddleware.ts:44:19)\n    at Layer.handleRequest (C:\\Users\\ADMIN\\Desktop\\CoreBackend\\node_modules\\router\\lib\\layer.js:152:17)\n    at next (C:\\Users\\ADMIN\\Desktop\\CoreBackend\\node_modules\\router\\lib\\route.js:157:13)\n    at Route.dispatch (C:\\Users\\ADMIN\\Desktop\\CoreBackend\\node_modules\\router\\lib\\route.js:117:3)\n    at handle (C:\\Users\\ADMIN\\Desktop\\CoreBackend\\node_modules\\router\\index.js:435:11)\n    at Layer.handleRequest (C:\\Users\\ADMIN\\Desktop\\CoreBackend\\node_modules\\router\\lib\\layer.js:152:17)\n    at C:\\Users\\ADMIN\\Desktop\\CoreBackend\\node_modules\\router\\index.js:295:15\n    at processParams (C:\\Users\\ADMIN\\Desktop\\CoreBackend\\node_modules\\router\\index.js:582:12)\n    at next (C:\\Users\\ADMIN\\Desktop\\CoreBackend\\node_modules\\router\\index.js:291:5)\n    at Function.handle (C:\\Users\\ADMIN\\Desktop\\CoreBackend\\node_modules\\router\\index.js:186:3)"}
[2026-06-29 12:51:21] info: Server running on port 3000 in development mode 
[2026-06-29 12:56:21] info: Server running on port 3000 in development mode 
[2026-06-29 13:05:52] info: Server running on port 3000 in development mode 
[2026-06-29 13:06:58] info: Server running on port 3000 in development mode 
[2026-06-29 13:08:11] info: Server running on port 3000 in development mode 
[2026-06-29 13:09:31] info: SIGINT received : closing HTTP server 
[2026-06-29 13:09:36] info: Server running on port 3000 in development mode 
[2026-06-29 13:09:42] error: error occured Access denied. Invalid token format. {"method":"GET","url":"/api/parties/1","query":{},"stack":"Error: Access denied. Invalid token format.\n    at throwError (C:\\Users\\ADMIN\\Desktop\\CoreBackend\\src\\utils\\AppError.ts:19:11)\n    at authenticateMiddleware (C:\\Users\\ADMIN\\Desktop\\CoreBackend\\src\\middlewares\\authMiddleware.ts:24:23)\n    at Layer.handleRequest (C:\\Users\\ADMIN\\Desktop\\CoreBackend\\node_modules\\router\\lib\\layer.js:152:17)\n    at next (C:\\Users\\ADMIN\\Desktop\\CoreBackend\\node_modules\\router\\lib\\route.js:157:13)\n    at Route.dispatch (C:\\Users\\ADMIN\\Desktop\\CoreBackend\\node_modules\\router\\lib\\route.js:117:3)\n    at handle (C:\\Users\\ADMIN\\Desktop\\CoreBackend\\node_modules\\router\\index.js:435:11)\n    at Layer.handleRequest (C:\\Users\\ADMIN\\Desktop\\CoreBackend\\node_modules\\router\\lib\\layer.js:152:17)\n    at C:\\Users\\ADMIN\\Desktop\\CoreBackend\\node_modules\\router\\index.js:295:15\n    at param (C:\\Users\\ADMIN\\Desktop\\CoreBackend\\node_modules\\router\\index.js:600:14)\n    at param (C:\\Users\\ADMIN\\Desktop\\CoreBackend\\node_modules\\router\\index.js:610:14)"}
[2026-06-29 13:28:09] info: Server running on port 3000 in development mode 
[2026-06-29 13:34:42] info: Server running on port 3000 in development mode 
[2026-06-29 13:35:45] info: Server running on port 3000 in development mode 
[2026-06-29 13:35:50] info: Server running on port 3000 in development mode 
[2026-06-29 13:36:44] info: Server running on port 3000 in development mode 
[2026-06-29 14:11:10] info: Server running on port 3000 in development mode 
[2026-06-29 14:12:27] info: Server running on port 3000 in development mode 
[2026-06-29 14:15:39] info: Server running on port 3000 in development mode 
[2026-06-29 14:15:50] info: Server running on port 3000 in development mode 
[2026-06-29 14:18:36] info: Server running on port 3000 in development mode 
[2026-06-29 14:21:34] info: SIGINT received : closing HTTP server 
[2026-06-30 13:34:09] info: Server running on port 3000 in development mode 
[2026-06-30 14:40:54] info: Server running on port 3000 in development mode 
